// Jest Snapshot v1, https://goo.gl/fbAQLP

exports[`<Calendar /> Should render and match the snapshot 1`] = `
<div
  class="styled__Container-sc-73hcgs-0 hbesej"
>
  <div
    class="styled__StyledWeekCalendar-sc-19sf2iw-12 cyTlVj"
  >
    <div
      class="styled__StyledWeekCalendarScaleHeader-sc-19sf2iw-13 kaEcCZ"
    >
      <span>
        Time
      </span>
    </div>
    <div
      class="styled__StyledWeekCalendarHeader-sc-19sf2iw-14 KEAcz"
      style="left: 0px;"
    >
      <div
        class="styled__StyledWeekCalendarHeaderWrapper-sc-19sf2iw-4 fGRPAa"
        style="width: 0px;"
      >
        <div
          class="styled__StyledWeekCalendarHeaderColumn-sc-19sf2iw-3 cjqjnM"
          style="width: 0px;"
        >
          <span
            class="styled__StyledTitle-sc-19sf2iw-8 ibmpRd"
          >
            Su., 27.10
          </span>
        </div>
        <div
          class="styled__StyledWeekCalendarHeaderColumn-sc-19sf2iw-3 cjqjnM"
          style="width: 0px;"
        >
          <span
            class="styled__StyledTitle-sc-19sf2iw-8 ibmpRd"
          >
            Mo., 28.10
          </span>
        </div>
        <div
          class="styled__StyledWeekCalendarHeaderColumn-sc-19sf2iw-3 cjqjnM"
          style="width: 0px;"
        >
          <span
            class="styled__StyledTitle-sc-19sf2iw-8 ibmpRd"
          >
            Tu., 29.10
          </span>
        </div>
        <div
          class="styled__StyledWeekCalendarHeaderColumn-sc-19sf2iw-3 cjqjnM"
          style="width: 0px;"
        >
          <span
            class="styled__StyledTitle-sc-19sf2iw-8 ibmpRd"
          >
            We., 30.10
          </span>
        </div>
        <div
          class="styled__StyledWeekCalendarHeaderColumn-sc-19sf2iw-3 cjqjnM"
          style="width: 0px;"
        >
          <span
            class="styled__StyledTitle-sc-19sf2iw-8 ibmpRd"
          >
            Th., 31.10
          </span>
        </div>
        <div
          class="styled__StyledWeekCalendarHeaderColumn-sc-19sf2iw-3 cjqjnM"
          style="width: 0px;"
        >
          <span
            class="styled__StyledTitle-sc-19sf2iw-8 ibmpRd"
          >
            Fr., 01.11
          </span>
        </div>
        <div
          class="styled__StyledWeekCalendarHeaderColumn-sc-19sf2iw-3 cjqjnM"
          style="width: 0px;"
        >
          <span
            class="styled__StyledTitle-sc-19sf2iw-8 ibmpRd"
          >
            Sa., 02.11
          </span>
        </div>
      </div>
    </div>
    <div
      class="styled__StyledWeekCalendarScaleColumn-sc-19sf2iw-15 fvWROc"
      style="top: 0px;"
    >
      <div>
        <div
          class="styled__StyledWeekCalendarScaleCell-sc-19sf2iw-9 foqqjF"
          style="height: 30px; line-height: 30px;"
        >
          <span>
            00:00
          </span>
        </div>
        <div
          class="styled__StyledWeekCalendarScaleCell-sc-19sf2iw-9 foqqjF"
          style="height: 30px; line-height: 30px;"
        >
          <span>
            01:00
          </span>
        </div>
        <div
          class="styled__StyledWeekCalendarScaleCell-sc-19sf2iw-9 foqqjF"
          style="height: 30px; line-height: 30px;"
        >
          <span>
            02:00
          </span>
        </div>
        <div
          class="styled__StyledWeekCalendarScaleCell-sc-19sf2iw-9 foqqjF"
          style="height: 30px; line-height: 30px;"
        >
          <span>
            02:00
          </span>
        </div>
        <div
          class="styled__StyledWeekCalendarScaleCell-sc-19sf2iw-9 foqqjF"
          style="height: 30px; line-height: 30px;"
        >
          <span>
            03:00
          </span>
        </div>
        <div
          class="styled__StyledWeekCalendarScaleCell-sc-19sf2iw-9 foqqjF"
          style="height: 30px; line-height: 30px;"
        >
          <span>
            04:00
          </span>
        </div>
        <div
          class="styled__StyledWeekCalendarScaleCell-sc-19sf2iw-9 foqqjF"
          style="height: 30px; line-height: 30px;"
        >
          <span>
            05:00
          </span>
        </div>
        <div
          class="styled__StyledWeekCalendarScaleCell-sc-19sf2iw-9 foqqjF"
          style="height: 30px; line-height: 30px;"
        >
          <span>
            06:00
          </span>
        </div>
        <div
          class="styled__StyledWeekCalendarScaleCell-sc-19sf2iw-9 foqqjF"
          style="height: 30px; line-height: 30px;"
        >
          <span>
            07:00
          </span>
        </div>
        <div
          class="styled__StyledWeekCalendarScaleCell-sc-19sf2iw-9 foqqjF"
          style="height: 30px; line-height: 30px;"
        >
          <span>
            08:00
          </span>
        </div>
        <div
          class="styled__StyledWeekCalendarScaleCell-sc-19sf2iw-9 foqqjF"
          style="height: 30px; line-height: 30px;"
        >
          <span>
            09:00
          </span>
        </div>
        <div
          class="styled__StyledWeekCalendarScaleCell-sc-19sf2iw-9 foqqjF"
          style="height: 30px; line-height: 30px;"
        >
          <span>
            10:00
          </span>
        </div>
        <div
          class="styled__StyledWeekCalendarScaleCell-sc-19sf2iw-9 foqqjF"
          style="height: 30px; line-height: 30px;"
        >
          <span>
            11:00
          </span>
        </div>
        <div
          class="styled__StyledWeekCalendarScaleCell-sc-19sf2iw-9 foqqjF"
          style="height: 30px; line-height: 30px;"
        >
          <span>
            12:00
          </span>
        </div>
        <div
          class="styled__StyledWeekCalendarScaleCell-sc-19sf2iw-9 foqqjF"
          style="height: 30px; line-height: 30px;"
        >
          <span>
            13:00
          </span>
        </div>
        <div
          class="styled__StyledWeekCalendarScaleCell-sc-19sf2iw-9 foqqjF"
          style="height: 30px; line-height: 30px;"
        >
          <span>
            14:00
          </span>
        </div>
        <div
          class="styled__StyledWeekCalendarScaleCell-sc-19sf2iw-9 foqqjF"
          style="height: 30px; line-height: 30px;"
        >
          <span>
            15:00
          </span>
        </div>
        <div
          class="styled__StyledWeekCalendarScaleCell-sc-19sf2iw-9 foqqjF"
          style="height: 30px; line-height: 30px;"
        >
          <span>
            16:00
          </span>
        </div>
        <div
          class="styled__StyledWeekCalendarScaleCell-sc-19sf2iw-9 foqqjF"
          style="height: 30px; line-height: 30px;"
        >
          <span>
            17:00
          </span>
        </div>
        <div
          class="styled__StyledWeekCalendarScaleCell-sc-19sf2iw-9 foqqjF"
          style="height: 30px; line-height: 30px;"
        >
          <span>
            18:00
          </span>
        </div>
        <div
          class="styled__StyledWeekCalendarScaleCell-sc-19sf2iw-9 foqqjF"
          style="height: 30px; line-height: 30px;"
        >
          <span>
            19:00
          </span>
        </div>
        <div
          class="styled__StyledWeekCalendarScaleCell-sc-19sf2iw-9 foqqjF"
          style="height: 30px; line-height: 30px;"
        >
          <span>
            20:00
          </span>
        </div>
        <div
          class="styled__StyledWeekCalendarScaleCell-sc-19sf2iw-9 foqqjF"
          style="height: 30px; line-height: 30px;"
        >
          <span>
            21:00
          </span>
        </div>
        <div
          class="styled__StyledWeekCalendarScaleCell-sc-19sf2iw-9 foqqjF"
          style="height: 30px; line-height: 30px;"
        >
          <span>
            22:00
          </span>
        </div>
        <div
          class="styled__StyledWeekCalendarScaleCell-sc-19sf2iw-9 foqqjF"
          style="height: 30px; line-height: 30px;"
        >
          <span>
            23:00
          </span>
        </div>
      </div>
    </div>
    <div
      class="styled__StyledWeekCalendarContent-sc-19sf2iw-16 RUEgv"
    >
      <div
        class="styled__StyledCalendarBody-sc-19sf2iw-1 gQtzwZ"
      >
        <div
          class="styled__StyledCalendarBodyRow-sc-19sf2iw-2 gvDjtv"
        >
          <div
            class="styled__StyledCalendarBodyColumn-sc-19sf2iw-6 eCVnjP"
            data-colpos="0"
          >
            <div
              class="styled__StyledCalendarBodyCell-sc-19sf2iw-5 fplceH"
              style="height: 30px;"
            >
              <div
                class="styled__StyledDayCell-sc-19sf2iw-0 iPzvZA"
                role="presentation"
              >
                 
              </div>
            </div>
            <div
              class="styled__StyledCalendarBodyCell-sc-19sf2iw-5 fplceH"
              style="height: 30px;"
            >
              <div
                class="styled__StyledDayCell-sc-19sf2iw-0 iPzvZA"
                role="presentation"
              >
                 
              </div>
            </div>
            <div
              class="styled__StyledCalendarBodyCell-sc-19sf2iw-5 fplceH"
              style="height: 30px;"
            >
              <div
                class="styled__StyledDayCell-sc-19sf2iw-0 iPzvZA"
                role="presentation"
              >
                 
              </div>
            </div>
            <div
              class="styled__StyledCalendarBodyCell-sc-19sf2iw-5 fplceH"
              style="height: 30px;"
            >
              <div
                class="styled__StyledDayCell-sc-19sf2iw-0 iPzvZA"
                role="presentation"
              >
                 
              </div>
            </div>
            <div
              class="styled__StyledCalendarBodyCell-sc-19sf2iw-5 fplceH"
              style="height: 30px;"
            >
              <div
                class="styled__StyledDayCell-sc-19sf2iw-0 iPzvZA"
                role="presentation"
              >
                 
              </div>
            </div>
            <div
              class="styled__StyledCalendarBodyCell-sc-19sf2iw-5 fplceH"
              style="height: 30px;"
            >
              <div
                class="styled__StyledDayCell-sc-19sf2iw-0 iPzvZA"
                role="presentation"
              >
                 
              </div>
            </div>
            <div
              class="styled__StyledCalendarBodyCell-sc-19sf2iw-5 fplceH"
              style="height: 30px;"
            >
              <div
                class="styled__StyledDayCell-sc-19sf2iw-0 iPzvZA"
                role="presentation"
              >
                 
              </div>
            </div>
            <div
              class="styled__StyledCalendarBodyCell-sc-19sf2iw-5 fplceH"
              style="height: 30px;"
            >
              <div
                class="styled__StyledDayCell-sc-19sf2iw-0 iPzvZA"
                role="presentation"
              >
                 
              </div>
            </div>
            <div
              class="styled__StyledCalendarBodyCell-sc-19sf2iw-5 fplceH"
              style="height: 30px;"
            >
              <div
                class="styled__StyledDayCell-sc-19sf2iw-0 iPzvZA"
                role="presentation"
              >
                 
              </div>
            </div>
            <div
              class="styled__StyledCalendarBodyCell-sc-19sf2iw-5 fplceH"
              style="height: 30px;"
            >
              <div
                class="styled__StyledDayCell-sc-19sf2iw-0 iPzvZA"
                role="presentation"
              >
                 
              </div>
            </div>
            <div
              class="styled__StyledCalendarBodyCell-sc-19sf2iw-5 fplceH"
              style="height: 30px;"
            >
              <div
                class="styled__StyledDayCell-sc-19sf2iw-0 iPzvZA"
                role="presentation"
              >
                 
              </div>
            </div>
            <div
              class="styled__StyledCalendarBodyCell-sc-19sf2iw-5 fplceH"
              style="height: 30px;"
            >
              <div
                class="styled__StyledDayCell-sc-19sf2iw-0 iPzvZA"
                role="presentation"
              >
                 
              </div>
            </div>
            <div
              class="styled__StyledCalendarBodyCell-sc-19sf2iw-5 fplceH"
              style="height: 30px;"
            >
              <div
                class="styled__StyledDayCell-sc-19sf2iw-0 iPzvZA"
                role="presentation"
              >
                 
              </div>
            </div>
            <div
              class="styled__StyledCalendarBodyCell-sc-19sf2iw-5 fplceH"
              style="height: 30px;"
            >
              <div
                class="styled__StyledDayCell-sc-19sf2iw-0 iPzvZA"
                role="presentation"
              >
                 
              </div>
            </div>
            <div
              class="styled__StyledCalendarBodyCell-sc-19sf2iw-5 fplceH"
              style="height: 30px;"
            >
              <div
                class="styled__StyledDayCell-sc-19sf2iw-0 iPzvZA"
                role="presentation"
              >
                 
              </div>
            </div>
            <div
              class="styled__StyledCalendarBodyCell-sc-19sf2iw-5 fplceH"
              style="height: 30px;"
            >
              <div
                class="styled__StyledDayCell-sc-19sf2iw-0 iPzvZA"
                role="presentation"
              >
                 
              </div>
            </div>
            <div
              class="styled__StyledCalendarBodyCell-sc-19sf2iw-5 fplceH"
              style="height: 30px;"
            >
              <div
                class="styled__StyledDayCell-sc-19sf2iw-0 iPzvZA"
                role="presentation"
              >
                 
              </div>
            </div>
            <div
              class="styled__StyledCalendarBodyCell-sc-19sf2iw-5 fplceH"
              style="height: 30px;"
            >
              <div
                class="styled__StyledDayCell-sc-19sf2iw-0 iPzvZA"
                role="presentation"
              >
                 
              </div>
            </div>
            <div
              class="styled__StyledCalendarBodyCell-sc-19sf2iw-5 fplceH"
              style="height: 30px;"
            >
              <div
                class="styled__StyledDayCell-sc-19sf2iw-0 iPzvZA"
                role="presentation"
              >
                 
              </div>
            </div>
            <div
              class="styled__StyledCalendarBodyCell-sc-19sf2iw-5 fplceH"
              style="height: 30px;"
            >
              <div
                class="styled__StyledDayCell-sc-19sf2iw-0 iPzvZA"
                role="presentation"
              >
                 
              </div>
            </div>
            <div
              class="styled__StyledCalendarBodyCell-sc-19sf2iw-5 fplceH"
              style="height: 30px;"
            >
              <div
                class="styled__StyledDayCell-sc-19sf2iw-0 iPzvZA"
                role="presentation"
              >
                 
              </div>
            </div>
            <div
              class="styled__StyledCalendarBodyCell-sc-19sf2iw-5 fplceH"
              style="height: 30px;"
            >
              <div
                class="styled__StyledDayCell-sc-19sf2iw-0 iPzvZA"
                role="presentation"
              >
                 
              </div>
            </div>
            <div
              class="styled__StyledCalendarBodyCell-sc-19sf2iw-5 fplceH"
              style="height: 30px;"
            >
              <div
                class="styled__StyledDayCell-sc-19sf2iw-0 iPzvZA"
                role="presentation"
              >
                 
              </div>
            </div>
            <div
              class="styled__StyledCalendarBodyCell-sc-19sf2iw-5 fplceH"
              style="height: 30px;"
            >
              <div
                class="styled__StyledDayCell-sc-19sf2iw-0 iPzvZA"
                role="presentation"
              >
                 
              </div>
            </div>
            <div
              class="styled__StyledCalendarBodyCell-sc-19sf2iw-5 fplceH"
              style="height: 30px;"
            >
              <div
                class="styled__StyledDayCell-sc-19sf2iw-0 iPzvZA"
                role="presentation"
              >
                 
              </div>
            </div>
          </div>
          <div
            class="styled__StyledCalendarBodyColumn-sc-19sf2iw-6 eCVnjP"
            data-colpos="1"
          >
            <div
              class="styled__StyledCalendarBodyCell-sc-19sf2iw-5 fplceH"
              style="height: 30px;"
            >
              <div
                class="styled__StyledDayCell-sc-19sf2iw-0 iPzvZA"
                role="presentation"
              >
                 
              </div>
            </div>
            <div
              class="styled__StyledCalendarBodyCell-sc-19sf2iw-5 fplceH"
              style="height: 30px;"
            >
              <div
                class="styled__StyledDayCell-sc-19sf2iw-0 iPzvZA"
                role="presentation"
              >
                 
              </div>
            </div>
            <div
              class="styled__StyledCalendarBodyCell-sc-19sf2iw-5 fplceH"
              style="height: 30px;"
            >
              <div
                class="styled__StyledDayCell-sc-19sf2iw-0 iPzvZA"
                role="presentation"
              >
                 
              </div>
            </div>
            <div
              class="styled__StyledCalendarBodyCell-sc-19sf2iw-5 fplceH"
              style="height: 30px;"
            >
              <div
                class="styled__StyledDayCell-sc-19sf2iw-0 iPzvZA"
                role="presentation"
              >
                 
              </div>
            </div>
            <div
              class="styled__StyledCalendarBodyCell-sc-19sf2iw-5 fplceH"
              style="height: 30px;"
            >
              <div
                class="styled__StyledDayCell-sc-19sf2iw-0 iPzvZA"
                role="presentation"
              >
                 
              </div>
            </div>
            <div
              class="styled__StyledCalendarBodyCell-sc-19sf2iw-5 fplceH"
              style="height: 30px;"
            >
              <div
                class="styled__StyledDayCell-sc-19sf2iw-0 iPzvZA"
                role="presentation"
              >
                 
              </div>
            </div>
            <div
              class="styled__StyledCalendarBodyCell-sc-19sf2iw-5 fplceH"
              style="height: 30px;"
            >
              <div
                class="styled__StyledDayCell-sc-19sf2iw-0 iPzvZA"
                role="presentation"
              >
                 
              </div>
            </div>
            <div
              class="styled__StyledCalendarBodyCell-sc-19sf2iw-5 fplceH"
              style="height: 30px;"
            >
              <div
                class="styled__StyledDayCell-sc-19sf2iw-0 iPzvZA"
                role="presentation"
              >
                 
              </div>
            </div>
            <div
              class="styled__StyledCalendarBodyCell-sc-19sf2iw-5 fplceH"
              style="height: 30px;"
            >
              <div
                class="styled__StyledDayCell-sc-19sf2iw-0 iPzvZA"
                role="presentation"
              >
                 
              </div>
            </div>
            <div
              class="styled__StyledCalendarBodyCell-sc-19sf2iw-5 fplceH"
              style="height: 30px;"
            >
              <div
                class="styled__StyledDayCell-sc-19sf2iw-0 iPzvZA"
                role="presentation"
              >
                 
              </div>
            </div>
            <div
              class="styled__StyledCalendarBodyCell-sc-19sf2iw-5 fplceH"
              style="height: 30px;"
            >
              <div
                class="styled__StyledDayCell-sc-19sf2iw-0 iPzvZA"
                role="presentation"
              >
                 
              </div>
            </div>
            <div
              class="styled__StyledCalendarBodyCell-sc-19sf2iw-5 fplceH"
              style="height: 30px;"
            >
              <div
                class="styled__StyledDayCell-sc-19sf2iw-0 iPzvZA"
                role="presentation"
              >
                 
              </div>
            </div>
            <div
              class="styled__StyledCalendarBodyCell-sc-19sf2iw-5 fplceH"
              style="height: 30px;"
            >
              <div
                class="styled__StyledDayCell-sc-19sf2iw-0 iPzvZA"
                role="presentation"
              >
                 
              </div>
            </div>
            <div
              class="styled__StyledCalendarBodyCell-sc-19sf2iw-5 fplceH"
              style="height: 30px;"
            >
              <div
                class="styled__StyledDayCell-sc-19sf2iw-0 iPzvZA"
                role="presentation"
              >
                 
              </div>
            </div>
            <div
              class="styled__StyledCalendarBodyCell-sc-19sf2iw-5 fplceH"
              style="height: 30px;"
            >
              <div
                class="styled__StyledDayCell-sc-19sf2iw-0 iPzvZA"
                role="presentation"
              >
                 
              </div>
            </div>
            <div
              class="styled__StyledCalendarBodyCell-sc-19sf2iw-5 fplceH"
              style="height: 30px;"
            >
              <div
                class="styled__StyledDayCell-sc-19sf2iw-0 iPzvZA"
                role="presentation"
              >
                 
              </div>
            </div>
            <div
              class="styled__StyledCalendarBodyCell-sc-19sf2iw-5 fplceH"
              style="height: 30px;"
            >
              <div
                class="styled__StyledDayCell-sc-19sf2iw-0 iPzvZA"
                role="presentation"
              >
                 
              </div>
            </div>
            <div
              class="styled__StyledCalendarBodyCell-sc-19sf2iw-5 fplceH"
              style="height: 30px;"
            >
              <div
                class="styled__StyledDayCell-sc-19sf2iw-0 iPzvZA"
                role="presentation"
              >
                 
              </div>
            </div>
            <div
              class="styled__StyledCalendarBodyCell-sc-19sf2iw-5 fplceH"
              style="height: 30px;"
            >
              <div
                class="styled__StyledDayCell-sc-19sf2iw-0 iPzvZA"
                role="presentation"
              >
                 
              </div>
            </div>
            <div
              class="styled__StyledCalendarBodyCell-sc-19sf2iw-5 fplceH"
              style="height: 30px;"
            >
              <div
                class="styled__StyledDayCell-sc-19sf2iw-0 iPzvZA"
                role="presentation"
              >
                 
              </div>
            </div>
            <div
              class="styled__StyledCalendarBodyCell-sc-19sf2iw-5 fplceH"
              style="height: 30px;"
            >
              <div
                class="styled__StyledDayCell-sc-19sf2iw-0 iPzvZA"
                role="presentation"
              >
                 
              </div>
            </div>
            <div
              class="styled__StyledCalendarBodyCell-sc-19sf2iw-5 fplceH"
              style="height: 30px;"
            >
              <div
                class="styled__StyledDayCell-sc-19sf2iw-0 iPzvZA"
                role="presentation"
              >
                 
              </div>
            </div>
            <div
              class="styled__StyledCalendarBodyCell-sc-19sf2iw-5 fplceH"
              style="height: 30px;"
            >
              <div
                class="styled__StyledDayCell-sc-19sf2iw-0 iPzvZA"
                role="presentation"
              >
                 
              </div>
            </div>
            <div
              class="styled__StyledCalendarBodyCell-sc-19sf2iw-5 fplceH"
              style="height: 30px;"
            >
              <div
                class="styled__StyledDayCell-sc-19sf2iw-0 iPzvZA"
                role="presentation"
              >
                 
              </div>
            </div>
            <div
              class="styled__StyledCalendarBodyCell-sc-19sf2iw-5 fplceH"
              style="height: 30px;"
            >
              <div
                class="styled__StyledDayCell-sc-19sf2iw-0 iPzvZA"
                role="presentation"
              >
                 
              </div>
            </div>
          </div>
          <div
            class="styled__StyledCalendarBodyColumn-sc-19sf2iw-6 eCVnjP"
            data-colpos="2"
          >
            <div
              class="styled__StyledCalendarBodyCell-sc-19sf2iw-5 fplceH"
              style="height: 30px;"
            >
              <div
                class="styled__StyledDayCell-sc-19sf2iw-0 iPzvZA"
                role="presentation"
              >
                 
              </div>
            </div>
            <div
              class="styled__StyledCalendarBodyCell-sc-19sf2iw-5 fplceH"
              style="height: 30px;"
            >
              <div
                class="styled__StyledDayCell-sc-19sf2iw-0 iPzvZA"
                role="presentation"
              >
                 
              </div>
            </div>
            <div
              class="styled__StyledCalendarBodyCell-sc-19sf2iw-5 fplceH"
              style="height: 30px;"
            >
              <div
                class="styled__StyledDayCell-sc-19sf2iw-0 iPzvZA"
                role="presentation"
              >
                 
              </div>
            </div>
            <div
              class="styled__StyledCalendarBodyCell-sc-19sf2iw-5 fplceH"
              style="height: 30px;"
            >
              <div
                class="styled__StyledDayCell-sc-19sf2iw-0 iPzvZA"
                role="presentation"
              >
                 
              </div>
            </div>
            <div
              class="styled__StyledCalendarBodyCell-sc-19sf2iw-5 fplceH"
              style="height: 30px;"
            >
              <div
                class="styled__StyledDayCell-sc-19sf2iw-0 iPzvZA"
                role="presentation"
              >
                 
              </div>
            </div>
            <div
              class="styled__StyledCalendarBodyCell-sc-19sf2iw-5 fplceH"
              style="height: 30px;"
            >
              <div
                class="styled__StyledDayCell-sc-19sf2iw-0 iPzvZA"
                role="presentation"
              >
                 
              </div>
            </div>
            <div
              class="styled__StyledCalendarBodyCell-sc-19sf2iw-5 fplceH"
              style="height: 30px;"
            >
              <div
                class="styled__StyledDayCell-sc-19sf2iw-0 iPzvZA"
                role="presentation"
              >
                 
              </div>
            </div>
            <div
              class="styled__StyledCalendarBodyCell-sc-19sf2iw-5 fplceH"
              style="height: 30px;"
            >
              <div
                class="styled__StyledDayCell-sc-19sf2iw-0 iPzvZA"
                role="presentation"
              >
                 
              </div>
            </div>
            <div
              class="styled__StyledCalendarBodyCell-sc-19sf2iw-5 fplceH"
              style="height: 30px;"
            >
              <div
                class="styled__StyledDayCell-sc-19sf2iw-0 iPzvZA"
                role="presentation"
              >
                 
              </div>
            </div>
            <div
              class="styled__StyledCalendarBodyCell-sc-19sf2iw-5 fplceH"
              style="height: 30px;"
            >
              <div
                class="styled__StyledDayCell-sc-19sf2iw-0 iPzvZA"
                role="presentation"
              >
                 
              </div>
            </div>
            <div
              class="styled__StyledCalendarBodyCell-sc-19sf2iw-5 fplceH"
              style="height: 30px;"
            >
              <div
                class="styled__StyledDayCell-sc-19sf2iw-0 iPzvZA"
                role="presentation"
              >
                 
              </div>
            </div>
            <div
              class="styled__StyledCalendarBodyCell-sc-19sf2iw-5 fplceH"
              style="height: 30px;"
            >
              <div
                class="styled__StyledDayCell-sc-19sf2iw-0 iPzvZA"
                role="presentation"
              >
                 
              </div>
            </div>
            <div
              class="styled__StyledCalendarBodyCell-sc-19sf2iw-5 fplceH"
              style="height: 30px;"
            >
              <div
                class="styled__StyledDayCell-sc-19sf2iw-0 iPzvZA"
                role="presentation"
              >
                 
              </div>
            </div>
            <div
              class="styled__StyledCalendarBodyCell-sc-19sf2iw-5 fplceH"
              style="height: 30px;"
            >
              <div
                class="styled__StyledDayCell-sc-19sf2iw-0 iPzvZA"
                role="presentation"
              >
                 
              </div>
            </div>
            <div
              class="styled__StyledCalendarBodyCell-sc-19sf2iw-5 fplceH"
              style="height: 30px;"
            >
              <div
                class="styled__StyledDayCell-sc-19sf2iw-0 iPzvZA"
                role="presentation"
              >
                 
              </div>
            </div>
            <div
              class="styled__StyledCalendarBodyCell-sc-19sf2iw-5 fplceH"
              style="height: 30px;"
            >
              <div
                class="styled__StyledDayCell-sc-19sf2iw-0 iPzvZA"
                role="presentation"
              >
                 
              </div>
            </div>
            <div
              class="styled__StyledCalendarBodyCell-sc-19sf2iw-5 fplceH"
              style="height: 30px;"
            >
              <div
                class="styled__StyledDayCell-sc-19sf2iw-0 iPzvZA"
                role="presentation"
              >
                 
              </div>
            </div>
            <div
              class="styled__StyledCalendarBodyCell-sc-19sf2iw-5 fplceH"
              style="height: 30px;"
            >
              <div
                class="styled__StyledDayCell-sc-19sf2iw-0 iPzvZA"
                role="presentation"
              >
                 
              </div>
            </div>
            <div
              class="styled__StyledCalendarBodyCell-sc-19sf2iw-5 fplceH"
              style="height: 30px;"
            >
              <div
                class="styled__StyledDayCell-sc-19sf2iw-0 iPzvZA"
                role="presentation"
              >
                 
              </div>
            </div>
            <div
              class="styled__StyledCalendarBodyCell-sc-19sf2iw-5 fplceH"
              style="height: 30px;"
            >
              <div
                class="styled__StyledDayCell-sc-19sf2iw-0 iPzvZA"
                role="presentation"
              >
                 
              </div>
            </div>
            <div
              class="styled__StyledCalendarBodyCell-sc-19sf2iw-5 fplceH"
              style="height: 30px;"
            >
              <div
                class="styled__StyledDayCell-sc-19sf2iw-0 iPzvZA"
                role="presentation"
              >
                 
              </div>
            </div>
            <div
              class="styled__StyledCalendarBodyCell-sc-19sf2iw-5 fplceH"
              style="height: 30px;"
            >
              <div
                class="styled__StyledDayCell-sc-19sf2iw-0 iPzvZA"
                role="presentation"
              >
                 
              </div>
            </div>
            <div
              class="styled__StyledCalendarBodyCell-sc-19sf2iw-5 fplceH"
              style="height: 30px;"
            >
              <div
                class="styled__StyledDayCell-sc-19sf2iw-0 iPzvZA"
                role="presentation"
              >
                 
              </div>
            </div>
            <div
              class="styled__StyledCalendarBodyCell-sc-19sf2iw-5 fplceH"
              style="height: 30px;"
            >
              <div
                class="styled__StyledDayCell-sc-19sf2iw-0 iPzvZA"
                role="presentation"
              >
                 
              </div>
            </div>
            <div
              class="styled__StyledCalendarBodyCell-sc-19sf2iw-5 fplceH"
              style="height: 30px;"
            >
              <div
                class="styled__StyledDayCell-sc-19sf2iw-0 iPzvZA"
                role="presentation"
              >
                 
              </div>
            </div>
          </div>
          <div
            class="styled__StyledCalendarBodyColumn-sc-19sf2iw-6 eCVnjP"
            data-colpos="3"
          >
            <div
              class="styled__StyledCalendarBodyCell-sc-19sf2iw-5 fplceH"
              style="height: 30px;"
            >
              <div
                class="styled__StyledDayCell-sc-19sf2iw-0 iPzvZA"
                role="presentation"
              >
                 
              </div>
            </div>
            <div
              class="styled__StyledCalendarBodyCell-sc-19sf2iw-5 fplceH"
              style="height: 30px;"
            >
              <div
                class="styled__StyledDayCell-sc-19sf2iw-0 iPzvZA"
                role="presentation"
              >
                 
              </div>
            </div>
            <div
              class="styled__StyledCalendarBodyCell-sc-19sf2iw-5 fplceH"
              style="height: 30px;"
            >
              <div
                class="styled__StyledDayCell-sc-19sf2iw-0 iPzvZA"
                role="presentation"
              >
                 
              </div>
            </div>
            <div
              class="styled__StyledCalendarBodyCell-sc-19sf2iw-5 fplceH"
              style="height: 30px;"
            >
              <div
                class="styled__StyledDayCell-sc-19sf2iw-0 iPzvZA"
                role="presentation"
              >
                 
              </div>
            </div>
            <div
              class="styled__StyledCalendarBodyCell-sc-19sf2iw-5 fplceH"
              style="height: 30px;"
            >
              <div
                class="styled__StyledDayCell-sc-19sf2iw-0 iPzvZA"
                role="presentation"
              >
                 
              </div>
            </div>
            <div
              class="styled__StyledCalendarBodyCell-sc-19sf2iw-5 fplceH"
              style="height: 30px;"
            >
              <div
                class="styled__StyledDayCell-sc-19sf2iw-0 iPzvZA"
                role="presentation"
              >
                 
              </div>
            </div>
            <div
              class="styled__StyledCalendarBodyCell-sc-19sf2iw-5 fplceH"
              style="height: 30px;"
            >
              <div
                class="styled__StyledDayCell-sc-19sf2iw-0 iPzvZA"
                role="presentation"
              >
                 
              </div>
            </div>
            <div
              class="styled__StyledCalendarBodyCell-sc-19sf2iw-5 fplceH"
              style="height: 30px;"
            >
              <div
                class="styled__StyledDayCell-sc-19sf2iw-0 iPzvZA"
                role="presentation"
              >
                 
              </div>
            </div>
            <div
              class="styled__StyledCalendarBodyCell-sc-19sf2iw-5 fplceH"
              style="height: 30px;"
            >
              <div
                class="styled__StyledDayCell-sc-19sf2iw-0 iPzvZA"
                role="presentation"
              >
                 
              </div>
            </div>
            <div
              class="styled__StyledCalendarBodyCell-sc-19sf2iw-5 fplceH"
              style="height: 30px;"
            >
              <div
                class="styled__StyledDayCell-sc-19sf2iw-0 iPzvZA"
                role="presentation"
              >
                 
              </div>
            </div>
            <div
              class="styled__StyledCalendarBodyCell-sc-19sf2iw-5 fplceH"
              style="height: 30px;"
            >
              <div
                class="styled__StyledDayCell-sc-19sf2iw-0 iPzvZA"
                role="presentation"
              >
                 
              </div>
            </div>
            <div
              class="styled__StyledCalendarBodyCell-sc-19sf2iw-5 fplceH"
              style="height: 30px;"
            >
              <div
                class="styled__StyledDayCell-sc-19sf2iw-0 iPzvZA"
                role="presentation"
              >
                 
              </div>
            </div>
            <div
              class="styled__StyledCalendarBodyCell-sc-19sf2iw-5 fplceH"
              style="height: 30px;"
            >
              <div
                class="styled__StyledDayCell-sc-19sf2iw-0 iPzvZA"
                role="presentation"
              >
                 
              </div>
            </div>
            <div
              class="styled__StyledCalendarBodyCell-sc-19sf2iw-5 fplceH"
              style="height: 30px;"
            >
              <div
                class="styled__StyledDayCell-sc-19sf2iw-0 iPzvZA"
                role="presentation"
              >
                 
              </div>
            </div>
            <div
              class="styled__StyledCalendarBodyCell-sc-19sf2iw-5 fplceH"
              style="height: 30px;"
            >
              <div
                class="styled__StyledDayCell-sc-19sf2iw-0 iPzvZA"
                role="presentation"
              >
                 
              </div>
            </div>
            <div
              class="styled__StyledCalendarBodyCell-sc-19sf2iw-5 fplceH"
              style="height: 30px;"
            >
              <div
                class="styled__StyledDayCell-sc-19sf2iw-0 iPzvZA"
                role="presentation"
              >
                 
              </div>
            </div>
            <div
              class="styled__StyledCalendarBodyCell-sc-19sf2iw-5 fplceH"
              style="height: 30px;"
            >
              <div
                class="styled__StyledDayCell-sc-19sf2iw-0 iPzvZA"
                role="presentation"
              >
                 
              </div>
            </div>
            <div
              class="styled__StyledCalendarBodyCell-sc-19sf2iw-5 fplceH"
              style="height: 30px;"
            >
              <div
                class="styled__StyledDayCell-sc-19sf2iw-0 iPzvZA"
                role="presentation"
              >
                 
              </div>
            </div>
            <div
              class="styled__StyledCalendarBodyCell-sc-19sf2iw-5 fplceH"
              style="height: 30px;"
            >
              <div
                class="styled__StyledDayCell-sc-19sf2iw-0 iPzvZA"
                role="presentation"
              >
                 
              </div>
            </div>
            <div
              class="styled__StyledCalendarBodyCell-sc-19sf2iw-5 fplceH"
              style="height: 30px;"
            >
              <div
                class="styled__StyledDayCell-sc-19sf2iw-0 iPzvZA"
                role="presentation"
              >
                 
              </div>
            </div>
            <div
              class="styled__StyledCalendarBodyCell-sc-19sf2iw-5 fplceH"
              style="height: 30px;"
            >
              <div
                class="styled__StyledDayCell-sc-19sf2iw-0 iPzvZA"
                role="presentation"
              >
                 
              </div>
            </div>
            <div
              class="styled__StyledCalendarBodyCell-sc-19sf2iw-5 fplceH"
              style="height: 30px;"
            >
              <div
                class="styled__StyledDayCell-sc-19sf2iw-0 iPzvZA"
                role="presentation"
              >
                 
              </div>
            </div>
            <div
              class="styled__StyledCalendarBodyCell-sc-19sf2iw-5 fplceH"
              style="height: 30px;"
            >
              <div
                class="styled__StyledDayCell-sc-19sf2iw-0 iPzvZA"
                role="presentation"
              >
                 
              </div>
            </div>
            <div
              class="styled__StyledCalendarBodyCell-sc-19sf2iw-5 fplceH"
              style="height: 30px;"
            >
              <div
                class="styled__StyledDayCell-sc-19sf2iw-0 iPzvZA"
                role="presentation"
              >
                 
              </div>
            </div>
            <div
              class="styled__StyledCalendarBodyCell-sc-19sf2iw-5 fplceH"
              style="height: 30px;"
            >
              <div
                class="styled__StyledDayCell-sc-19sf2iw-0 iPzvZA"
                role="presentation"
              >
                 
              </div>
            </div>
          </div>
          <div
            class="styled__StyledCalendarBodyColumn-sc-19sf2iw-6 eCVnjP"
            data-colpos="4"
          >
            <div
              class="styled__StyledCalendarBodyCell-sc-19sf2iw-5 fplceH"
              style="height: 30px;"
            >
              <div
                class="styled__StyledDayCell-sc-19sf2iw-0 iPzvZA"
                role="presentation"
              >
                 
              </div>
            </div>
            <div
              class="styled__StyledCalendarBodyCell-sc-19sf2iw-5 fplceH"
              style="height: 30px;"
            >
              <div
                class="styled__StyledDayCell-sc-19sf2iw-0 iPzvZA"
                role="presentation"
              >
                 
              </div>
            </div>
            <div
              class="styled__StyledCalendarBodyCell-sc-19sf2iw-5 fplceH"
              style="height: 30px;"
            >
              <div
                class="styled__StyledDayCell-sc-19sf2iw-0 iPzvZA"
                role="presentation"
              >
                 
              </div>
            </div>
            <div
              class="styled__StyledCalendarBodyCell-sc-19sf2iw-5 fplceH"
              style="height: 30px;"
            >
              <div
                class="styled__StyledDayCell-sc-19sf2iw-0 iPzvZA"
                role="presentation"
              >
                 
              </div>
            </div>
            <div
              class="styled__StyledCalendarBodyCell-sc-19sf2iw-5 fplceH"
              style="height: 30px;"
            >
              <div
                class="styled__StyledDayCell-sc-19sf2iw-0 iPzvZA"
                role="presentation"
              >
                 
              </div>
            </div>
            <div
              class="styled__StyledCalendarBodyCell-sc-19sf2iw-5 fplceH"
              style="height: 30px;"
            >
              <div
                class="styled__StyledDayCell-sc-19sf2iw-0 iPzvZA"
                role="presentation"
              >
                 
              </div>
            </div>
            <div
              class="styled__StyledCalendarBodyCell-sc-19sf2iw-5 fplceH"
              style="height: 30px;"
            >
              <div
                class="styled__StyledDayCell-sc-19sf2iw-0 iPzvZA"
                role="presentation"
              >
                 
              </div>
            </div>
            <div
              class="styled__StyledCalendarBodyCell-sc-19sf2iw-5 fplceH"
              style="height: 30px;"
            >
              <div
                class="styled__StyledDayCell-sc-19sf2iw-0 iPzvZA"
                role="presentation"
              >
                 
              </div>
            </div>
            <div
              class="styled__StyledCalendarBodyCell-sc-19sf2iw-5 fplceH"
              style="height: 30px;"
            >
              <div
                class="styled__StyledDayCell-sc-19sf2iw-0 iPzvZA"
                role="presentation"
              >
                 
              </div>
            </div>
            <div
              class="styled__StyledCalendarBodyCell-sc-19sf2iw-5 fplceH"
              style="height: 30px;"
            >
              <div
                class="styled__StyledDayCell-sc-19sf2iw-0 iPzvZA"
                role="presentation"
              >
                 
              </div>
            </div>
            <div
              class="styled__StyledCalendarBodyCell-sc-19sf2iw-5 fplceH"
              style="height: 30px;"
            >
              <div
                class="styled__StyledDayCell-sc-19sf2iw-0 iPzvZA"
                role="presentation"
              >
                 
              </div>
            </div>
            <div
              class="styled__StyledCalendarBodyCell-sc-19sf2iw-5 fplceH"
              style="height: 30px;"
            >
              <div
                class="styled__StyledDayCell-sc-19sf2iw-0 iPzvZA"
                role="presentation"
              >
                 
              </div>
            </div>
            <div
              class="styled__StyledCalendarBodyCell-sc-19sf2iw-5 fplceH"
              style="height: 30px;"
            >
              <div
                class="styled__StyledDayCell-sc-19sf2iw-0 iPzvZA"
                role="presentation"
              >
                 
              </div>
            </div>
            <div
              class="styled__StyledCalendarBodyCell-sc-19sf2iw-5 fplceH"
              style="height: 30px;"
            >
              <div
                class="styled__StyledDayCell-sc-19sf2iw-0 iPzvZA"
                role="presentation"
              >
                 
              </div>
            </div>
            <div
              class="styled__StyledCalendarBodyCell-sc-19sf2iw-5 fplceH"
              style="height: 30px;"
            >
              <div
                class="styled__StyledDayCell-sc-19sf2iw-0 iPzvZA"
                role="presentation"
              >
                 
              </div>
            </div>
            <div
              class="styled__StyledCalendarBodyCell-sc-19sf2iw-5 fplceH"
              style="height: 30px;"
            >
              <div
                class="styled__StyledDayCell-sc-19sf2iw-0 iPzvZA"
                role="presentation"
              >
                 
              </div>
            </div>
            <div
              class="styled__StyledCalendarBodyCell-sc-19sf2iw-5 fplceH"
              style="height: 30px;"
            >
              <div
                class="styled__StyledDayCell-sc-19sf2iw-0 iPzvZA"
                role="presentation"
              >
                 
              </div>
            </div>
            <div
              class="styled__StyledCalendarBodyCell-sc-19sf2iw-5 fplceH"
              style="height: 30px;"
            >
              <div
                class="styled__StyledDayCell-sc-19sf2iw-0 iPzvZA"
                role="presentation"
              >
                 
              </div>
            </div>
            <div
              class="styled__StyledCalendarBodyCell-sc-19sf2iw-5 fplceH"
              style="height: 30px;"
            >
              <div
                class="styled__StyledDayCell-sc-19sf2iw-0 iPzvZA"
                role="presentation"
              >
                 
              </div>
            </div>
            <div
              class="styled__StyledCalendarBodyCell-sc-19sf2iw-5 fplceH"
              style="height: 30px;"
            >
              <div
                class="styled__StyledDayCell-sc-19sf2iw-0 iPzvZA"
                role="presentation"
              >
                 
              </div>
            </div>
            <div
              class="styled__StyledCalendarBodyCell-sc-19sf2iw-5 fplceH"
              style="height: 30px;"
            >
              <div
                class="styled__StyledDayCell-sc-19sf2iw-0 iPzvZA"
                role="presentation"
              >
                 
              </div>
            </div>
            <div
              class="styled__StyledCalendarBodyCell-sc-19sf2iw-5 fplceH"
              style="height: 30px;"
            >
              <div
                class="styled__StyledDayCell-sc-19sf2iw-0 iPzvZA"
                role="presentation"
              >
                 
              </div>
            </div>
            <div
              class="styled__StyledCalendarBodyCell-sc-19sf2iw-5 fplceH"
              style="height: 30px;"
            >
              <div
                class="styled__StyledDayCell-sc-19sf2iw-0 iPzvZA"
                role="presentation"
              >
                 
              </div>
            </div>
            <div
              class="styled__StyledCalendarBodyCell-sc-19sf2iw-5 fplceH"
              style="height: 30px;"
            >
              <div
                class="styled__StyledDayCell-sc-19sf2iw-0 iPzvZA"
                role="presentation"
              >
                 
              </div>
            </div>
            <div
              class="styled__StyledCalendarBodyCell-sc-19sf2iw-5 fplceH"
              style="height: 30px;"
            >
              <div
                class="styled__StyledDayCell-sc-19sf2iw-0 iPzvZA"
                role="presentation"
              >
                 
              </div>
            </div>
          </div>
          <div
            class="styled__StyledCalendarBodyColumn-sc-19sf2iw-6 eCVnjP"
            data-colpos="5"
          >
            <div
              class="styled__StyledCalendarBodyCell-sc-19sf2iw-5 fplceH"
              style="height: 30px;"
            >
              <div
                class="styled__StyledDayCell-sc-19sf2iw-0 iPzvZA"
                role="presentation"
              >
                 
              </div>
            </div>
            <div
              class="styled__StyledCalendarBodyCell-sc-19sf2iw-5 fplceH"
              style="height: 30px;"
            >
              <div
                class="styled__StyledDayCell-sc-19sf2iw-0 iPzvZA"
                role="presentation"
              >
                 
              </div>
            </div>
            <div
              class="styled__StyledCalendarBodyCell-sc-19sf2iw-5 fplceH"
              style="height: 30px;"
            >
              <div
                class="styled__StyledDayCell-sc-19sf2iw-0 iPzvZA"
                role="presentation"
              >
                 
              </div>
            </div>
            <div
              class="styled__StyledCalendarBodyCell-sc-19sf2iw-5 fplceH"
              style="height: 30px;"
            >
              <div
                class="styled__StyledDayCell-sc-19sf2iw-0 iPzvZA"
                role="presentation"
              >
                 
              </div>
            </div>
            <div
              class="styled__StyledCalendarBodyCell-sc-19sf2iw-5 fplceH"
              style="height: 30px;"
            >
              <div
                class="styled__StyledDayCell-sc-19sf2iw-0 iPzvZA"
                role="presentation"
              >
                 
              </div>
            </div>
            <div
              class="styled__StyledCalendarBodyCell-sc-19sf2iw-5 fplceH"
              style="height: 30px;"
            >
              <div
                class="styled__StyledDayCell-sc-19sf2iw-0 iPzvZA"
                role="presentation"
              >
                 
              </div>
            </div>
            <div
              class="styled__StyledCalendarBodyCell-sc-19sf2iw-5 fplceH"
              style="height: 30px;"
            >
              <div
                class="styled__StyledDayCell-sc-19sf2iw-0 iPzvZA"
                role="presentation"
              >
                 
              </div>
            </div>
            <div
              class="styled__StyledCalendarBodyCell-sc-19sf2iw-5 fplceH"
              style="height: 30px;"
            >
              <div
                class="styled__StyledDayCell-sc-19sf2iw-0 iPzvZA"
                role="presentation"
              >
                 
              </div>
            </div>
            <div
              class="styled__StyledCalendarBodyCell-sc-19sf2iw-5 fplceH"
              style="height: 30px;"
            >
              <div
                class="styled__StyledDayCell-sc-19sf2iw-0 iPzvZA"
                role="presentation"
              >
                 
              </div>
            </div>
            <div
              class="styled__StyledCalendarBodyCell-sc-19sf2iw-5 fplceH"
              style="height: 30px;"
            >
              <div
                class="styled__StyledDayCell-sc-19sf2iw-0 iPzvZA"
                role="presentation"
              >
                 
              </div>
            </div>
            <div
              class="styled__StyledCalendarBodyCell-sc-19sf2iw-5 fplceH"
              style="height: 30px;"
            >
              <div
                class="styled__StyledDayCell-sc-19sf2iw-0 iPzvZA"
                role="presentation"
              >
                 
              </div>
            </div>
            <div
              class="styled__StyledCalendarBodyCell-sc-19sf2iw-5 fplceH"
              style="height: 30px;"
            >
              <div
                class="styled__StyledDayCell-sc-19sf2iw-0 iPzvZA"
                role="presentation"
              >
                 
              </div>
            </div>
            <div
              class="styled__StyledCalendarBodyCell-sc-19sf2iw-5 fplceH"
              style="height: 30px;"
            >
              <div
                class="styled__StyledDayCell-sc-19sf2iw-0 iPzvZA"
                role="presentation"
              >
                 
              </div>
            </div>
            <div
              class="styled__StyledCalendarBodyCell-sc-19sf2iw-5 fplceH"
              style="height: 30px;"
            >
              <div
                class="styled__StyledDayCell-sc-19sf2iw-0 iPzvZA"
                role="presentation"
              >
                 
              </div>
            </div>
            <div
              class="styled__StyledCalendarBodyCell-sc-19sf2iw-5 fplceH"
              style="height: 30px;"
            >
              <div
                class="styled__StyledDayCell-sc-19sf2iw-0 iPzvZA"
                role="presentation"
              >
                 
              </div>
            </div>
            <div
              class="styled__StyledCalendarBodyCell-sc-19sf2iw-5 fplceH"
              style="height: 30px;"
            >
              <div
                class="styled__StyledDayCell-sc-19sf2iw-0 iPzvZA"
                role="presentation"
              >
                 
              </div>
            </div>
            <div
              class="styled__StyledCalendarBodyCell-sc-19sf2iw-5 fplceH"
              style="height: 30px;"
            >
              <div
                class="styled__StyledDayCell-sc-19sf2iw-0 iPzvZA"
                role="presentation"
              >
                 
              </div>
            </div>
            <div
              class="styled__StyledCalendarBodyCell-sc-19sf2iw-5 fplceH"
              style="height: 30px;"
            >
              <div
                class="styled__StyledDayCell-sc-19sf2iw-0 iPzvZA"
                role="presentation"
              >
                 
              </div>
            </div>
            <div
              class="styled__StyledCalendarBodyCell-sc-19sf2iw-5 fplceH"
              style="height: 30px;"
            >
              <div
                class="styled__StyledDayCell-sc-19sf2iw-0 iPzvZA"
                role="presentation"
              >
                 
              </div>
            </div>
            <div
              class="styled__StyledCalendarBodyCell-sc-19sf2iw-5 fplceH"
              style="height: 30px;"
            >
              <div
                class="styled__StyledDayCell-sc-19sf2iw-0 iPzvZA"
                role="presentation"
              >
                 
              </div>
            </div>
            <div
              class="styled__StyledCalendarBodyCell-sc-19sf2iw-5 fplceH"
              style="height: 30px;"
            >
              <div
                class="styled__StyledDayCell-sc-19sf2iw-0 iPzvZA"
                role="presentation"
              >
                 
              </div>
            </div>
            <div
              class="styled__StyledCalendarBodyCell-sc-19sf2iw-5 fplceH"
              style="height: 30px;"
            >
              <div
                class="styled__StyledDayCell-sc-19sf2iw-0 iPzvZA"
                role="presentation"
              >
                 
              </div>
            </div>
            <div
              class="styled__StyledCalendarBodyCell-sc-19sf2iw-5 fplceH"
              style="height: 30px;"
            >
              <div
                class="styled__StyledDayCell-sc-19sf2iw-0 iPzvZA"
                role="presentation"
              >
                 
              </div>
            </div>
            <div
              class="styled__StyledCalendarBodyCell-sc-19sf2iw-5 fplceH"
              style="height: 30px;"
            >
              <div
                class="styled__StyledDayCell-sc-19sf2iw-0 iPzvZA"
                role="presentation"
              >
                 
              </div>
            </div>
            <div
              class="styled__StyledCalendarBodyCell-sc-19sf2iw-5 fplceH"
              style="height: 30px;"
            >
              <div
                class="styled__StyledDayCell-sc-19sf2iw-0 iPzvZA"
                role="presentation"
              >
                 
              </div>
            </div>
          </div>
          <div
            class="styled__StyledCalendarBodyColumn-sc-19sf2iw-6 eCVnjP"
            data-colpos="6"
          >
            <div
              class="styled__StyledCalendarBodyCell-sc-19sf2iw-5 fplceH"
              style="height: 30px;"
            >
              <div
                class="styled__StyledDayCell-sc-19sf2iw-0 iPzvZA"
                role="presentation"
              >
                 
              </div>
            </div>
            <div
              class="styled__StyledCalendarBodyCell-sc-19sf2iw-5 fplceH"
              style="height: 30px;"
            >
              <div
                class="styled__StyledDayCell-sc-19sf2iw-0 iPzvZA"
                role="presentation"
              >
                 
              </div>
            </div>
            <div
              class="styled__StyledCalendarBodyCell-sc-19sf2iw-5 fplceH"
              style="height: 30px;"
            >
              <div
                class="styled__StyledDayCell-sc-19sf2iw-0 iPzvZA"
                role="presentation"
              >
                 
              </div>
            </div>
            <div
              class="styled__StyledCalendarBodyCell-sc-19sf2iw-5 fplceH"
              style="height: 30px;"
            >
              <div
                class="styled__StyledDayCell-sc-19sf2iw-0 iPzvZA"
                role="presentation"
              >
                 
              </div>
            </div>
            <div
              class="styled__StyledCalendarBodyCell-sc-19sf2iw-5 fplceH"
              style="height: 30px;"
            >
              <div
                class="styled__StyledDayCell-sc-19sf2iw-0 iPzvZA"
                role="presentation"
              >
                 
              </div>
            </div>
            <div
              class="styled__StyledCalendarBodyCell-sc-19sf2iw-5 fplceH"
              style="height: 30px;"
            >
              <div
                class="styled__StyledDayCell-sc-19sf2iw-0 iPzvZA"
                role="presentation"
              >
                 
              </div>
            </div>
            <div
              class="styled__StyledCalendarBodyCell-sc-19sf2iw-5 fplceH"
              style="height: 30px;"
            >
              <div
                class="styled__StyledDayCell-sc-19sf2iw-0 iPzvZA"
                role="presentation"
              >
                 
              </div>
            </div>
            <div
              class="styled__StyledCalendarBodyCell-sc-19sf2iw-5 fplceH"
              style="height: 30px;"
            >
              <div
                class="styled__StyledDayCell-sc-19sf2iw-0 iPzvZA"
                role="presentation"
              >
                 
              </div>
            </div>
            <div
              class="styled__StyledCalendarBodyCell-sc-19sf2iw-5 fplceH"
              style="height: 30px;"
            >
              <div
                class="styled__StyledDayCell-sc-19sf2iw-0 iPzvZA"
                role="presentation"
              >
                 
              </div>
            </div>
            <div
              class="styled__StyledCalendarBodyCell-sc-19sf2iw-5 fplceH"
              style="height: 30px;"
            >
              <div
                class="styled__StyledDayCell-sc-19sf2iw-0 iPzvZA"
                role="presentation"
              >
                 
              </div>
            </div>
            <div
              class="styled__StyledCalendarBodyCell-sc-19sf2iw-5 fplceH"
              style="height: 30px;"
            >
              <div
                class="styled__StyledDayCell-sc-19sf2iw-0 iPzvZA"
                role="presentation"
              >
                 
              </div>
            </div>
            <div
              class="styled__StyledCalendarBodyCell-sc-19sf2iw-5 fplceH"
              style="height: 30px;"
            >
              <div
                class="styled__StyledDayCell-sc-19sf2iw-0 iPzvZA"
                role="presentation"
              >
                 
              </div>
            </div>
            <div
              class="styled__StyledCalendarBodyCell-sc-19sf2iw-5 fplceH"
              style="height: 30px;"
            >
              <div
                class="styled__StyledDayCell-sc-19sf2iw-0 iPzvZA"
                role="presentation"
              >
                 
              </div>
            </div>
            <div
              class="styled__StyledCalendarBodyCell-sc-19sf2iw-5 fplceH"
              style="height: 30px;"
            >
              <div
                class="styled__StyledDayCell-sc-19sf2iw-0 iPzvZA"
                role="presentation"
              >
                 
              </div>
            </div>
            <div
              class="styled__StyledCalendarBodyCell-sc-19sf2iw-5 fplceH"
              style="height: 30px;"
            >
              <div
                class="styled__StyledDayCell-sc-19sf2iw-0 iPzvZA"
                role="presentation"
              >
                 
              </div>
            </div>
            <div
              class="styled__StyledCalendarBodyCell-sc-19sf2iw-5 fplceH"
              style="height: 30px;"
            >
              <div
                class="styled__StyledDayCell-sc-19sf2iw-0 iPzvZA"
                role="presentation"
              >
                 
              </div>
            </div>
            <div
              class="styled__StyledCalendarBodyCell-sc-19sf2iw-5 fplceH"
              style="height: 30px;"
            >
              <div
                class="styled__StyledDayCell-sc-19sf2iw-0 iPzvZA"
                role="presentation"
              >
                 
              </div>
            </div>
            <div
              class="styled__StyledCalendarBodyCell-sc-19sf2iw-5 fplceH"
              style="height: 30px;"
            >
              <div
                class="styled__StyledDayCell-sc-19sf2iw-0 iPzvZA"
                role="presentation"
              >
                 
              </div>
            </div>
            <div
              class="styled__StyledCalendarBodyCell-sc-19sf2iw-5 fplceH"
              style="height: 30px;"
            >
              <div
                class="styled__StyledDayCell-sc-19sf2iw-0 iPzvZA"
                role="presentation"
              >
                 
              </div>
            </div>
            <div
              class="styled__StyledCalendarBodyCell-sc-19sf2iw-5 fplceH"
              style="height: 30px;"
            >
              <div
                class="styled__StyledDayCell-sc-19sf2iw-0 iPzvZA"
                role="presentation"
              >
                 
              </div>
            </div>
            <div
              class="styled__StyledCalendarBodyCell-sc-19sf2iw-5 fplceH"
              style="height: 30px;"
            >
              <div
                class="styled__StyledDayCell-sc-19sf2iw-0 iPzvZA"
                role="presentation"
              >
                 
              </div>
            </div>
            <div
              class="styled__StyledCalendarBodyCell-sc-19sf2iw-5 fplceH"
              style="height: 30px;"
            >
              <div
                class="styled__StyledDayCell-sc-19sf2iw-0 iPzvZA"
                role="presentation"
              >
                 
              </div>
            </div>
            <div
              class="styled__StyledCalendarBodyCell-sc-19sf2iw-5 fplceH"
              style="height: 30px;"
            >
              <div
                class="styled__StyledDayCell-sc-19sf2iw-0 iPzvZA"
                role="presentation"
              >
                 
              </div>
            </div>
            <div
              class="styled__StyledCalendarBodyCell-sc-19sf2iw-5 fplceH"
              style="height: 30px;"
            >
              <div
                class="styled__StyledDayCell-sc-19sf2iw-0 iPzvZA"
                role="presentation"
              >
                 
              </div>
            </div>
            <div
              class="styled__StyledCalendarBodyCell-sc-19sf2iw-5 fplceH"
              style="height: 30px;"
            >
              <div
                class="styled__StyledDayCell-sc-19sf2iw-0 iPzvZA"
                role="presentation"
              >
                 
              </div>
            </div>
          </div>
        </div>
      </div>
    </div>
  </div>
  <div
    class="styled__CalendarOptionsContainer-sc-73hcgs-10 gbUrJw"
  >
    <div
      class="styled__ActionsContainer-sc-73hcgs-5 dBreAa"
    >
      <div
        class="styled__Action-sc-73hcgs-6 iRWOtc"
      >
        <div
          class="styled__ActionTitle-sc-73hcgs-12 ebOnzd"
        >
          <span>
            Add Event
          </span>
        </div>
        <svg
          aria-hidden="true"
          class="styled__AddEvent-sc-73hcgs-7 hOaoru StyledIconBase-sc-bdy9j4 jbPeIR"
          fill="currentColor"
          focusable="false"
          height="50"
          viewBox="0 0 24 24"
          width="50"
          xmlns="http://www.w3.org/2000/svg"
        >
          <path
            d="M5 22h14c1.103 0 2-.897 2-2V6c0-1.103-.897-2-2-2h-2V2h-2v2H9V2H7v2H5c-1.103 0-2 .897-2 2v14c0 1.103.897 2 2 2zm11-6h-3v3h-2v-3H8v-2h3v-3h2v3h3v2zM5 7h14v2H5V7z"
          />
        </svg>
      </div>
      <div
        class="styled__Action-sc-73hcgs-6 iRWOtc"
      >
        <div
          class="styled__ActionTitle-sc-73hcgs-12 ebOnzd"
        >
          <span>
            Change date
          </span>
        </div>
        <svg
          aria-hidden="true"
          class="styled__ChangeDate-sc-73hcgs-11 jGHBjF StyledIconBase-sc-bdy9j4 jbPeIR"
          fill="currentColor"
          focusable="false"
          height="40"
          viewBox="0 0 16 16"
          width="40"
          xmlns="http://www.w3.org/2000/svg"
        >
          <path
            d="M5 6h2v2H5zm3 0h2v2H8zm3 0h2v2h-2zm-9 6h2v2H2zm3 0h2v2H5zm3 0h2v2H8zM5 9h2v2H5zm3 0h2v2H8zm3 0h2v2h-2zM2 9h2v2H2zm11-9v1h-2V0H4v1H2V0H0v16h15V0h-2zm1 15H1V4h13v11z"
          />
        </svg>
      </div>
    </div>
  </div>
</div>
`;
