// Jest Snapshot v1, https://goo.gl/fbAQLP

exports[`<InformationTile /> Should render and match the snapshot 1`] = `
<div
  class="styled__Container-ca47cf-1 ZkUxJ"
>
  <div
    class="styled__InfoContainer-ca47cf-2 ioAGxW"
  >
    <svg
      aria-hidden="true"
      class="StyledIconBase-sc-bdy9j4 jbPeIR"
      fill="currentColor"
      focusable="false"
      height="40"
      viewBox="0 0 16 16"
      width="40"
      xmlns="http://www.w3.org/2000/svg"
    >
      <path
        d="M8.06 2C3 2 0 8 0 8s3 6 8.06 6C13 14 16 8 16 8s-3-6-7.94-6zM8 12c-2.2 0-4-1.78-4-4 0-2.2 1.8-4 4-4 2.22 0 4 1.8 4 4 0 2.22-1.78 4-4 4zm2-4c0 1.11-.89 2-2 2-1.11 0-2-.89-2-2 0-1.11.89-2 2-2 1.11 0 2 .89 2 2z"
        fill-rule="evenodd"
      />
    </svg>
    <div
      class="styled__Title-ca47cf-3 lmCbnz"
    >
      <span>
        You are up to date!
      </span>
    </div>
  </div>
  <svg
    aria-hidden="true"
    class="styled__EyeIcon-ca47cf-0 jqmOuv StyledIconBase-sc-bdy9j4 jbPeIR"
    fill="currentColor"
    focusable="false"
    height="22"
    viewBox="0 0 16 16"
    width="22"
    xmlns="http://www.w3.org/2000/svg"
  >
    <path
      d="M8.06 2C3 2 0 8 0 8s3 6 8.06 6C13 14 16 8 16 8s-3-6-7.94-6zM8 12c-2.2 0-4-1.78-4-4 0-2.2 1.8-4 4-4 2.22 0 4 1.8 4 4 0 2.22-1.78 4-4 4zm2-4c0 1.11-.89 2-2 2-1.11 0-2-.89-2-2 0-1.11.89-2 2-2 1.11 0 2 .89 2 2z"
      fill-rule="evenodd"
    />
  </svg>
</div>
`;
