// Jest Snapshot v1, https://goo.gl/fbAQLP

exports[`<PasswordRemind /> Should render and match the snapshot 1`] = `
<div
  class="styled__Container-sc-1t1wmde-1 cNlBUe"
>
  <div
    class="styled__Box-sc-1t1wmde-2 icporI"
  >
    <div
      class="styled__Header-sc-1t1wmde-3 eECtUy"
    >
      <span>
        Reset password
      </span>
    </div>
    <div
      class="styled__InputBox-sc-1nwnwj1-1 iARNcM"
    >
      <div
        class="styled__Wrapper-sc-1nwnwj1-4 gJixhu"
      >
        <input
          class="styled__Input-sc-1nwnwj1-2 dfHhpa"
          name="email"
          type="text"
          value=""
        />
        <label
          class="styled__Label-sc-1nwnwj1-3 cYwlur"
        >
          E-mail address
        </label>
      </div>
    </div>
    <div
      class="styled__ButtonsContainer-sc-1t1wmde-5 cLEAnk"
    >
      <button
        class="styled__SendButton-sc-1t1wmde-0 dbcgEQ styled__StyledButton-sc-1gb27vo-0 MZlKF"
        type="submit"
      >
        <span>
          Send reset link
        </span>
      </button>
      <a
        class="styled__Link-sc-1t1wmde-4 gRaZjI"
        href="/login"
      >
        <span>
          Back to Login
        </span>
      </a>
    </div>
  </div>
</div>
`;
