// Jest Snapshot v1, https://goo.gl/fbAQLP

exports[`<Dashboard /> Should render and match the snapshot 1`] = `
<div
  class="styled__Container-sc-1ujewzl-0 jgheUl"
>
  <div
    class="styled__TabsContainer-sc-1ujewzl-1 kepsTH"
  >
    <div
      class="react-tabs"
      data-tabs="true"
    >
      <ul
        class="react-tabs__tab-list"
        role="tablist"
      >
        <li
          aria-controls="react-tabs-7"
          aria-disabled="false"
          aria-selected="true"
          class="react-tabs__tab react-tabs__tab--selected"
          id="react-tabs-6"
          role="tab"
          tabindex="0"
        >
          <span>
            Group Members
          </span>
        </li>
        <li
          aria-controls="react-tabs-9"
          aria-disabled="false"
          aria-selected="false"
          class="react-tabs__tab"
          id="react-tabs-8"
          role="tab"
        >
          <span>
            Current Group Tasks
          </span>
        </li>
        <li
          aria-controls="react-tabs-11"
          aria-disabled="false"
          aria-selected="false"
          class="react-tabs__tab"
          id="react-tabs-10"
          role="tab"
        >
          <span>
            Group Settings
          </span>
        </li>
      </ul>
      <div
        aria-labelledby="react-tabs-6"
        class="react-tabs__tab-panel react-tabs__tab-panel--selected"
        id="react-tabs-7"
        role="tabpanel"
      >
        <div
          class="styled__Container-rz5z4n-0 kJiukX"
        >
          <div
            class="styled__Container-tas46t-1 jCWCTG"
          >
            <div
              class="styled__InfoWrapper-tas46t-2 jOqEjB"
            >
              <div
                class="middle styled__Container-vinm4t-0 gDIJTt"
              >
                <img
                  alt="avatar"
                  class="avatar-image"
                  src="IMAGE_MOCK"
                />
              </div>
              <div
                class="styled__FullName-tas46t-3 kDzbrN"
              >
                <span>
                  Bob
                </span>
                <span>
                  Doe
                </span>
              </div>
              <div
                class="styled__Number-tas46t-4 hJzDbi"
              >
                <b>
                  <span>
                    Tel. 
                  </span>
                </b>
                123123123
              </div>
            </div>
            <svg
              aria-hidden="true"
              class="styled__Delete-tas46t-0 ftpdIp StyledIconBase-sc-bdy9j4 jbPeIR"
              fill="currentColor"
              focusable="false"
              height="22"
              viewBox="0 0 24 24"
              width="22"
              xmlns="http://www.w3.org/2000/svg"
            >
              <path
                d="M21 14h-6a1 1 0 110-2h6a1 1 0 110 2zm-7-5c0 1.381-.56 2.631-1.464 3.535C11.631 13.44 10.381 14 9 14s-2.631-.56-3.536-1.465C4.56 11.631 4 10.381 4 9s.56-2.631 1.464-3.535C6.369 4.56 7.619 4 9 4s2.631.56 3.536 1.465A4.984 4.984 0 0114 9zm-5 6c-3.75 0-6 2-6 4 0 1 2.25 2 6 2 3.518 0 6-1 6-2 0-2-2.354-4-6-4z"
              />
            </svg>
          </div>
          <div
            class="styled__Container-tas46t-1 jCWCTG"
          >
            <div
              class="styled__InfoWrapper-tas46t-2 jOqEjB"
            >
              <div
                class="middle styled__Container-vinm4t-0 gDIJTt"
              >
                <img
                  alt="avatar"
                  class="avatar-image"
                  src="IMAGE_MOCK"
                />
              </div>
              <div
                class="styled__FullName-tas46t-3 kDzbrN"
              >
                <span>
                  Bob
                </span>
                <span>
                  Doe
                </span>
              </div>
              <div
                class="styled__Number-tas46t-4 hJzDbi"
              >
                <b>
                  <span>
                    Tel. 
                  </span>
                </b>
                123123123
              </div>
            </div>
            <svg
              aria-hidden="true"
              class="styled__Delete-tas46t-0 ftpdIp StyledIconBase-sc-bdy9j4 jbPeIR"
              fill="currentColor"
              focusable="false"
              height="22"
              viewBox="0 0 24 24"
              width="22"
              xmlns="http://www.w3.org/2000/svg"
            >
              <path
                d="M21 14h-6a1 1 0 110-2h6a1 1 0 110 2zm-7-5c0 1.381-.56 2.631-1.464 3.535C11.631 13.44 10.381 14 9 14s-2.631-.56-3.536-1.465C4.56 11.631 4 10.381 4 9s.56-2.631 1.464-3.535C6.369 4.56 7.619 4 9 4s2.631.56 3.536 1.465A4.984 4.984 0 0114 9zm-5 6c-3.75 0-6 2-6 4 0 1 2.25 2 6 2 3.518 0 6-1 6-2 0-2-2.354-4-6-4z"
              />
            </svg>
          </div>
          <div
            class="styled__Container-tas46t-1 jCWCTG"
          >
            <div
              class="styled__InfoWrapper-tas46t-2 jOqEjB"
            >
              <div
                class="middle styled__Container-vinm4t-0 gDIJTt"
              >
                <img
                  alt="avatar"
                  class="avatar-image"
                  src="IMAGE_MOCK"
                />
              </div>
              <div
                class="styled__FullName-tas46t-3 kDzbrN"
              >
                <span>
                  Bob
                </span>
                <span>
                  Doe
                </span>
              </div>
              <div
                class="styled__Number-tas46t-4 hJzDbi"
              >
                <b>
                  <span>
                    Tel. 
                  </span>
                </b>
                123123123
              </div>
            </div>
            <svg
              aria-hidden="true"
              class="styled__Delete-tas46t-0 ftpdIp StyledIconBase-sc-bdy9j4 jbPeIR"
              fill="currentColor"
              focusable="false"
              height="22"
              viewBox="0 0 24 24"
              width="22"
              xmlns="http://www.w3.org/2000/svg"
            >
              <path
                d="M21 14h-6a1 1 0 110-2h6a1 1 0 110 2zm-7-5c0 1.381-.56 2.631-1.464 3.535C11.631 13.44 10.381 14 9 14s-2.631-.56-3.536-1.465C4.56 11.631 4 10.381 4 9s.56-2.631 1.464-3.535C6.369 4.56 7.619 4 9 4s2.631.56 3.536 1.465A4.984 4.984 0 0114 9zm-5 6c-3.75 0-6 2-6 4 0 1 2.25 2 6 2 3.518 0 6-1 6-2 0-2-2.354-4-6-4z"
              />
            </svg>
          </div>
          <div
            class="styled__Container-tas46t-1 jCWCTG"
          >
            <div
              class="styled__InfoWrapper-tas46t-2 jOqEjB"
            >
              <div
                class="middle styled__Container-vinm4t-0 gDIJTt"
              >
                <img
                  alt="avatar"
                  class="avatar-image"
                  src="IMAGE_MOCK"
                />
              </div>
              <div
                class="styled__FullName-tas46t-3 kDzbrN"
              >
                <span>
                  Bob
                </span>
                <span>
                  Doe
                </span>
              </div>
              <div
                class="styled__Number-tas46t-4 hJzDbi"
              >
                <b>
                  <span>
                    Tel. 
                  </span>
                </b>
                123123123
              </div>
            </div>
            <svg
              aria-hidden="true"
              class="styled__Delete-tas46t-0 ftpdIp StyledIconBase-sc-bdy9j4 jbPeIR"
              fill="currentColor"
              focusable="false"
              height="22"
              viewBox="0 0 24 24"
              width="22"
              xmlns="http://www.w3.org/2000/svg"
            >
              <path
                d="M21 14h-6a1 1 0 110-2h6a1 1 0 110 2zm-7-5c0 1.381-.56 2.631-1.464 3.535C11.631 13.44 10.381 14 9 14s-2.631-.56-3.536-1.465C4.56 11.631 4 10.381 4 9s.56-2.631 1.464-3.535C6.369 4.56 7.619 4 9 4s2.631.56 3.536 1.465A4.984 4.984 0 0114 9zm-5 6c-3.75 0-6 2-6 4 0 1 2.25 2 6 2 3.518 0 6-1 6-2 0-2-2.354-4-6-4z"
              />
            </svg>
          </div>
        </div>
      </div>
      <div
        aria-labelledby="react-tabs-8"
        class="react-tabs__tab-panel"
        id="react-tabs-9"
        role="tabpanel"
      />
      <div
        aria-labelledby="react-tabs-10"
        class="react-tabs__tab-panel"
        id="react-tabs-11"
        role="tabpanel"
      />
    </div>
  </div>
  <div
    class="styled__Container-laciss-2 cccwVt"
  >
    <div
      class="styled__TextChatHeader-laciss-3 grwLJx"
    >
      <div
        class="styled__Header-laciss-4 dVJEuL"
      >
        <span>
          Chat with your Group
        </span>
      </div>
      <div
        class="styled__AvatarContainer-laciss-7 gWEXMY"
      >
        <div
          class="small styled__Container-vinm4t-0 gDIJTt"
        >
          <img
            alt="avatar"
            class="avatar-image"
            src="IMAGE_MOCK"
          />
        </div>
        <div
          class="small styled__Container-vinm4t-0 gDIJTt"
        >
          <img
            alt="avatar"
            class="avatar-image"
            src="IMAGE_MOCK"
          />
        </div>
        <div
          class="small styled__Container-vinm4t-0 gDIJTt"
        >
          <img
            alt="avatar"
            class="avatar-image"
            src="IMAGE_MOCK"
          />
        </div>
        <div
          class="small styled__Container-vinm4t-0 gDIJTt"
        >
          <img
            alt="avatar"
            class="avatar-image"
            src="IMAGE_MOCK"
          />
        </div>
      </div>
    </div>
    <div
      class="styled__TextChatBody-laciss-6 kcpCJR"
    >
      <div
        class="styled__DayInformation-laciss-9 eAzLCE"
      >
        Tusday, 28.10.2019
      </div>
      <div
        class="styled__Container-lr2zll-0 gaFdcr"
      >
        <div
          class="tiny styled__Container-vinm4t-0 gDIJTt"
        >
          <img
            alt="avatar"
            class="avatar-image"
            src="IMAGE_MOCK"
          />
        </div>
        <div
          class="styled__MessageCloud-lr2zll-1 bemiEo"
        >
          Message
        </div>
        <div
          class="styled__MessageTime-lr2zll-2 gTomPT"
        >
          17:10
        </div>
      </div>
      <div
        class="styled__Container-lr2zll-0 hiCLbP"
      >
        <div
          class="tiny styled__Container-vinm4t-0 gDIJTt"
        >
          <img
            alt="avatar"
            class="avatar-image"
            src="IMAGE_MOCK"
          />
        </div>
        <div
          class="styled__MessageCloud-lr2zll-1 jALbcv"
        >
          Message
        </div>
        <div
          class="styled__MessageTime-lr2zll-2 gTomPT"
        >
          17:10
        </div>
      </div>
      <div
        class="styled__Container-lr2zll-0 hiCLbP"
      >
        <div
          class="tiny styled__Container-vinm4t-0 gDIJTt"
        >
          <img
            alt="avatar"
            class="avatar-image"
            src="IMAGE_MOCK"
          />
        </div>
        <div
          class="styled__MessageCloud-lr2zll-1 jALbcv"
        >
          MessageMessage MessageMessa geMess ageMessag eMessa geMessag eMessageMessa geMessage MessageMessageM essageMessageMessag eMessageM essageMessa geMessageMessageMessageMessage Message MessageMe ssageMessageMessageMe ssageMessag eMessage
        </div>
        <div
          class="styled__MessageTime-lr2zll-2 gTomPT"
        >
          17:10
        </div>
      </div>
      <div
        class="styled__Container-lr2zll-0 gaFdcr"
      >
        <div
          class="tiny styled__Container-vinm4t-0 gDIJTt"
        >
          <img
            alt="avatar"
            class="avatar-image"
            src="IMAGE_MOCK"
          />
        </div>
        <div
          class="styled__MessageCloud-lr2zll-1 bemiEo"
        >
          Message
        </div>
        <div
          class="styled__MessageTime-lr2zll-2 gTomPT"
        >
          17:10
        </div>
      </div>
      <div
        class="styled__Container-lr2zll-0 gaFdcr"
      >
        <div
          class="tiny styled__Container-vinm4t-0 gDIJTt"
        >
          <img
            alt="avatar"
            class="avatar-image"
            src="IMAGE_MOCK"
          />
        </div>
        <div
          class="styled__MessageCloud-lr2zll-1 bemiEo"
        >
          Message
        </div>
        <div
          class="styled__MessageTime-lr2zll-2 gTomPT"
        >
          17:10
        </div>
      </div>
      <div
        class="styled__Container-lr2zll-0 hiCLbP"
      >
        <div
          class="tiny styled__Container-vinm4t-0 gDIJTt"
        >
          <img
            alt="avatar"
            class="avatar-image"
            src="IMAGE_MOCK"
          />
        </div>
        <div
          class="styled__MessageCloud-lr2zll-1 jALbcv"
        >
          Message
        </div>
        <div
          class="styled__MessageTime-lr2zll-2 gTomPT"
        >
          17:10
        </div>
      </div>
      <div
        class="styled__Container-lr2zll-0 hiCLbP"
      >
        <div
          class="tiny styled__Container-vinm4t-0 gDIJTt"
        >
          <img
            alt="avatar"
            class="avatar-image"
            src="IMAGE_MOCK"
          />
        </div>
        <div
          class="styled__MessageCloud-lr2zll-1 jALbcv"
        >
          MessageMessage MessageMessa geMess ageMessag eMessa geMessag eMessageMessa geMessage MessageMessageM essageMessageMessag eMessageM essageMessa geMessageMessageMessageMessage Message MessageMe ssageMessageMessageMe ssageMessag eMessage
        </div>
        <div
          class="styled__MessageTime-lr2zll-2 gTomPT"
        >
          17:10
        </div>
      </div>
      <div
        class="styled__Container-lr2zll-0 gaFdcr"
      >
        <div
          class="tiny styled__Container-vinm4t-0 gDIJTt"
        >
          <img
            alt="avatar"
            class="avatar-image"
            src="IMAGE_MOCK"
          />
        </div>
        <div
          class="styled__MessageCloud-lr2zll-1 bemiEo"
        >
          Message
        </div>
        <div
          class="styled__MessageTime-lr2zll-2 gTomPT"
        >
          17:10
        </div>
      </div>
      <div
        class="styled__Container-lr2zll-0 gaFdcr"
      >
        <div
          class="tiny styled__Container-vinm4t-0 gDIJTt"
        >
          <img
            alt="avatar"
            class="avatar-image"
            src="IMAGE_MOCK"
          />
        </div>
        <div
          class="styled__MessageCloud-lr2zll-1 bemiEo"
        >
          Message
        </div>
        <div
          class="styled__MessageTime-lr2zll-2 gTomPT"
        >
          17:10
        </div>
      </div>
      <div
        class="styled__Container-lr2zll-0 hiCLbP"
      >
        <div
          class="tiny styled__Container-vinm4t-0 gDIJTt"
        >
          <img
            alt="avatar"
            class="avatar-image"
            src="IMAGE_MOCK"
          />
        </div>
        <div
          class="styled__MessageCloud-lr2zll-1 jALbcv"
        >
          Message
        </div>
        <div
          class="styled__MessageTime-lr2zll-2 gTomPT"
        >
          17:10
        </div>
      </div>
      <div
        class="styled__Container-lr2zll-0 hiCLbP"
      >
        <div
          class="tiny styled__Container-vinm4t-0 gDIJTt"
        >
          <img
            alt="avatar"
            class="avatar-image"
            src="IMAGE_MOCK"
          />
        </div>
        <div
          class="styled__MessageCloud-lr2zll-1 jALbcv"
        >
          MessageMessage MessageMessa geMess ageMessag eMessa geMessag eMessageMessa geMessage MessageMessageM essageMessageMessag eMessageM essageMessa geMessageMessageMessageMessage Message MessageMe ssageMessageMessageMe ssageMessag eMessage
        </div>
        <div
          class="styled__MessageTime-lr2zll-2 gTomPT"
        >
          17:10
        </div>
      </div>
      <div
        class="styled__Container-lr2zll-0 gaFdcr"
      >
        <div
          class="tiny styled__Container-vinm4t-0 gDIJTt"
        >
          <img
            alt="avatar"
            class="avatar-image"
            src="IMAGE_MOCK"
          />
        </div>
        <div
          class="styled__MessageCloud-lr2zll-1 bemiEo"
        >
          Message
        </div>
        <div
          class="styled__MessageTime-lr2zll-2 gTomPT"
        >
          17:10
        </div>
      </div>
      <div
        class="styled__Container-lr2zll-0 gaFdcr"
      >
        <div
          class="tiny styled__Container-vinm4t-0 gDIJTt"
        >
          <img
            alt="avatar"
            class="avatar-image"
            src="IMAGE_MOCK"
          />
        </div>
        <div
          class="styled__MessageCloud-lr2zll-1 bemiEo"
        >
          Message
        </div>
        <div
          class="styled__MessageTime-lr2zll-2 gTomPT"
        >
          17:10
        </div>
      </div>
      <div
        class="styled__Container-lr2zll-0 hiCLbP"
      >
        <div
          class="tiny styled__Container-vinm4t-0 gDIJTt"
        >
          <img
            alt="avatar"
            class="avatar-image"
            src="IMAGE_MOCK"
          />
        </div>
        <div
          class="styled__MessageCloud-lr2zll-1 jALbcv"
        >
          Message
        </div>
        <div
          class="styled__MessageTime-lr2zll-2 gTomPT"
        >
          17:10
        </div>
      </div>
      <div
        class="styled__Container-lr2zll-0 hiCLbP"
      >
        <div
          class="tiny styled__Container-vinm4t-0 gDIJTt"
        >
          <img
            alt="avatar"
            class="avatar-image"
            src="IMAGE_MOCK"
          />
        </div>
        <div
          class="styled__MessageCloud-lr2zll-1 jALbcv"
        >
          MessageMessage MessageMessa geMess ageMessag eMessa geMessag eMessageMessa geMessage MessageMessageM essageMessageMessag eMessageM essageMessa geMessageMessageMessageMessage Message MessageMe ssageMessageMessageMe ssageMessag eMessage
        </div>
        <div
          class="styled__MessageTime-lr2zll-2 gTomPT"
        >
          17:10
        </div>
      </div>
      <div
        class="styled__Container-lr2zll-0 gaFdcr"
      >
        <div
          class="tiny styled__Container-vinm4t-0 gDIJTt"
        >
          <img
            alt="avatar"
            class="avatar-image"
            src="IMAGE_MOCK"
          />
        </div>
        <div
          class="styled__MessageCloud-lr2zll-1 bemiEo"
        >
          Message
        </div>
        <div
          class="styled__MessageTime-lr2zll-2 gTomPT"
        >
          17:10
        </div>
      </div>
      <div
        class="styled__Container-lr2zll-0 gaFdcr"
      >
        <div
          class="tiny styled__Container-vinm4t-0 gDIJTt"
        >
          <img
            alt="avatar"
            class="avatar-image"
            src="IMAGE_MOCK"
          />
        </div>
        <div
          class="styled__MessageCloud-lr2zll-1 bemiEo"
        >
          Message
        </div>
        <div
          class="styled__MessageTime-lr2zll-2 gTomPT"
        >
          17:10
        </div>
      </div>
      <div
        class="styled__Container-lr2zll-0 hiCLbP"
      >
        <div
          class="tiny styled__Container-vinm4t-0 gDIJTt"
        >
          <img
            alt="avatar"
            class="avatar-image"
            src="IMAGE_MOCK"
          />
        </div>
        <div
          class="styled__MessageCloud-lr2zll-1 jALbcv"
        >
          Message
        </div>
        <div
          class="styled__MessageTime-lr2zll-2 gTomPT"
        >
          17:10
        </div>
      </div>
      <div
        class="styled__Container-lr2zll-0 hiCLbP"
      >
        <div
          class="tiny styled__Container-vinm4t-0 gDIJTt"
        >
          <img
            alt="avatar"
            class="avatar-image"
            src="IMAGE_MOCK"
          />
        </div>
        <div
          class="styled__MessageCloud-lr2zll-1 jALbcv"
        >
          MessageMessage MessageMessa geMess ageMessag eMessa geMessag eMessageMessa geMessage MessageMessageM essageMessageMessag eMessageM essageMessa geMessageMessageMessageMessage Message MessageMe ssageMessageMessageMe ssageMessag eMessage
        </div>
        <div
          class="styled__MessageTime-lr2zll-2 gTomPT"
        >
          17:10
        </div>
      </div>
      <div
        class="styled__Container-lr2zll-0 gaFdcr"
      >
        <div
          class="tiny styled__Container-vinm4t-0 gDIJTt"
        >
          <img
            alt="avatar"
            class="avatar-image"
            src="IMAGE_MOCK"
          />
        </div>
        <div
          class="styled__MessageCloud-lr2zll-1 bemiEo"
        >
          Message
        </div>
        <div
          class="styled__MessageTime-lr2zll-2 gTomPT"
        >
          17:10
        </div>
      </div>
      <div
        class="styled__Container-lr2zll-0 gaFdcr"
      >
        <div
          class="tiny styled__Container-vinm4t-0 gDIJTt"
        >
          <img
            alt="avatar"
            class="avatar-image"
            src="IMAGE_MOCK"
          />
        </div>
        <div
          class="styled__MessageCloud-lr2zll-1 bemiEo"
        >
          Message
        </div>
        <div
          class="styled__MessageTime-lr2zll-2 gTomPT"
        >
          17:10
        </div>
      </div>
      <div
        class="styled__Container-lr2zll-0 hiCLbP"
      >
        <div
          class="tiny styled__Container-vinm4t-0 gDIJTt"
        >
          <img
            alt="avatar"
            class="avatar-image"
            src="IMAGE_MOCK"
          />
        </div>
        <div
          class="styled__MessageCloud-lr2zll-1 jALbcv"
        >
          Message
        </div>
        <div
          class="styled__MessageTime-lr2zll-2 gTomPT"
        >
          17:10
        </div>
      </div>
      <div
        class="styled__Container-lr2zll-0 hiCLbP"
      >
        <div
          class="tiny styled__Container-vinm4t-0 gDIJTt"
        >
          <img
            alt="avatar"
            class="avatar-image"
            src="IMAGE_MOCK"
          />
        </div>
        <div
          class="styled__MessageCloud-lr2zll-1 jALbcv"
        >
          MessageMessage MessageMessa geMess ageMessag eMessa geMessag eMessageMessa geMessage MessageMessageM essageMessageMessag eMessageM essageMessa geMessageMessageMessageMessage Message MessageMe ssageMessageMessageMe ssageMessag eMessage
        </div>
        <div
          class="styled__MessageTime-lr2zll-2 gTomPT"
        >
          17:10
        </div>
      </div>
      <div
        class="styled__Container-lr2zll-0 gaFdcr"
      >
        <div
          class="tiny styled__Container-vinm4t-0 gDIJTt"
        >
          <img
            alt="avatar"
            class="avatar-image"
            src="IMAGE_MOCK"
          />
        </div>
        <div
          class="styled__MessageCloud-lr2zll-1 bemiEo"
        >
          Message
        </div>
        <div
          class="styled__MessageTime-lr2zll-2 gTomPT"
        >
          17:10
        </div>
      </div>
    </div>
    <div
      class="styled__TextChatFooter-laciss-5 eOHjUx"
    >
      <textarea
        class="styled__TextArea-laciss-8 kCuZhC"
        placeholder="Start typing..."
        spellcheck="false"
        style="height: 0px;"
      />
      <svg
        aria-hidden="true"
        class="styled__AttachmentIcon-laciss-0 iptRoQ StyledIconBase-sc-bdy9j4 jbPeIR"
        fill="currentColor"
        focusable="false"
        height="25"
        viewBox="0 0 16 16"
        width="25"
        xmlns="http://www.w3.org/2000/svg"
      >
        <path
          d="M10.404 5.11L9.389 4.096 4.314 9.17a2.152 2.152 0 103.045 3.044l6.09-6.089a3.588 3.588 0 00-5.075-5.074L1.98 7.444l-.014.013c-1.955 1.955-1.955 5.123 0 7.077s5.123 1.954 7.078 0l.013-.014.001.001 4.365-4.364-1.015-1.014-4.365 4.363-.013.013c-1.392 1.392-3.656 1.392-5.048 0a3.572 3.572 0 01.014-5.06l-.001-.001L9.39 2.065c.839-.84 2.205-.84 3.045 0s.839 2.205 0 3.044l-6.09 6.089a.718.718 0 01-1.015-1.014l5.075-5.075z"
        />
      </svg>
      <button
        class="styled__SendButton-laciss-1 iPFTwN styled__StyledButton-sc-1gb27vo-0 rmQmn"
        type="submit"
      >
        <span>
          Send
        </span>
      </button>
    </div>
  </div>
</div>
`;
