// Jest Snapshot v1, https://goo.gl/fbAQLP

exports[`<ChangeMail /> Should render and match the snapshot 1`] = `
<div
  class="field"
  id="emailField"
>
  <label
    class="styled__StyledLabel-oaisvy-0 fCsvBu"
  >
    E-mail address
  </label>
  <div
    class="control"
  >
    <input
      class="styled__Input-ms4xi4-0 fbXGEM"
      name="email"
      type="password"
      value=""
    />
  </div>
  
</div>
`;
