// Jest Snapshot v1, https://goo.gl/fbAQLP

exports[`<RegistrationPage /> Should render and match the snapshot 1`] = `
<div
  class="styled__Container-sc-9wf7co-0 gFEkIM"
>
  <div
    class="styled__Box-sc-9wf7co-1 ejTQCA"
  >
    <div
      class="styled__Header-sc-9wf7co-2 fWXrPy"
    >
      <span>
        Sing up
      </span>
    </div>
    <form
      autocomplete="off"
    >
      <div
        class="styled__InputBox-sc-1nwnwj1-1 iARNcM"
      >
        <div
          class="styled__Wrapper-sc-1nwnwj1-4 gJixhu"
        >
          <input
            class="styled__Input-sc-1nwnwj1-2 dfHhpa"
            name="firstName"
            type="text"
            value=""
          />
          <label
            class="styled__Label-sc-1nwnwj1-3 cYwlur"
          >
            First name
          </label>
        </div>
      </div>
      <div
        class="styled__InputBox-sc-1nwnwj1-1 iARNcM"
      >
        <div
          class="styled__Wrapper-sc-1nwnwj1-4 gJixhu"
        >
          <input
            class="styled__Input-sc-1nwnwj1-2 dfHhpa"
            name="lastName"
            type="text"
            value=""
          />
          <label
            class="styled__Label-sc-1nwnwj1-3 cYwlur"
          >
            Last name
          </label>
        </div>
      </div>
      <div
        class="styled__InputBox-sc-1nwnwj1-1 iARNcM"
      >
        <div
          class="styled__Wrapper-sc-1nwnwj1-4 gJixhu"
        >
          <input
            class="styled__Input-sc-1nwnwj1-2 dfHhpa"
            name="email"
            type="text"
            value=""
          />
          <label
            class="styled__Label-sc-1nwnwj1-3 cYwlur"
          >
            E-mail address
          </label>
        </div>
      </div>
      <div
        class="styled__InputBox-sc-1nwnwj1-1 iARNcM"
      >
        <div
          class="styled__Wrapper-sc-1nwnwj1-4 gJixhu"
        >
          <input
            class="styled__Input-sc-1nwnwj1-2 dfHhpa"
            name="password"
            type="password"
            value=""
          />
          <label
            class="styled__Label-sc-1nwnwj1-3 cYwlur"
          >
            Password
          </label>
        </div>
      </div>
      <div
        class="styled__InputBox-sc-1nwnwj1-1 iARNcM"
      >
        <div
          class="styled__Wrapper-sc-1nwnwj1-4 gJixhu"
        >
          <input
            class="styled__Input-sc-1nwnwj1-2 dfHhpa"
            name="repeatedPassword"
            type="password"
            value=""
          />
          <label
            class="styled__Label-sc-1nwnwj1-3 cYwlur"
          >
            Retype password
          </label>
        </div>
      </div>
      <div
        class="styled__ButtonsContainer-sc-9wf7co-5 jTYyFT"
      >
        <button
          class="styled__SubmitButton-sc-9wf7co-3 dsMqFG styled__StyledButton-sc-1gb27vo-0 cSvxQx"
          type="submit"
        >
          <span>
            Create an account
          </span>
        </button>
        <a
          class="styled__Link-sc-9wf7co-4 fxPlMC"
          href="/login"
        >
          <span>
            Back to Login
          </span>
        </a>
      </div>
    </form>
  </div>
</div>
`;
