// Jest Snapshot v1, https://goo.gl/fbAQLP

exports[`<MemberTile /> Should render and match the snapshot 1`] = `
<div
  class="styled__Container-tas46t-1 jCWCTG"
>
  <div
    class="styled__InfoWrapper-tas46t-2 jOqEjB"
  >
    <div
      class="middle styled__Container-vinm4t-0 gDIJTt"
    >
      <img
        alt="avatar"
        class="avatar-image"
        src="IMAGE_MOCK"
      />
    </div>
    <div
      class="styled__FullName-tas46t-3 kDzbrN"
    >
      <span>
        Piotr
      </span>
      <span>
        Sokolinski
      </span>
    </div>
    <div
      class="styled__Number-tas46t-4 hJzDbi"
    >
      <b>
        <span>
          Tel. 
        </span>
      </b>
      123123123
    </div>
  </div>
  <svg
    aria-hidden="true"
    class="styled__Delete-tas46t-0 ftpdIp StyledIconBase-sc-bdy9j4 jbPeIR"
    fill="currentColor"
    focusable="false"
    height="22"
    viewBox="0 0 24 24"
    width="22"
    xmlns="http://www.w3.org/2000/svg"
  >
    <path
      d="M21 14h-6a1 1 0 110-2h6a1 1 0 110 2zm-7-5c0 1.381-.56 2.631-1.464 3.535C11.631 13.44 10.381 14 9 14s-2.631-.56-3.536-1.465C4.56 11.631 4 10.381 4 9s.56-2.631 1.464-3.535C6.369 4.56 7.619 4 9 4s2.631.56 3.536 1.465A4.984 4.984 0 0114 9zm-5 6c-3.75 0-6 2-6 4 0 1 2.25 2 6 2 3.518 0 6-1 6-2 0-2-2.354-4-6-4z"
    />
  </svg>
</div>
`;
