// Jest Snapshot v1, https://goo.gl/fbAQLP

exports[`<ChangePassword /> Should render and match the snapshot 1`] = `
<div
  class="field"
  id="passwordField"
>
  <label
    class="styled__StyledLabel-oaisvy-0 fCsvBu"
  >
    Password
  </label>
  <div
    class="control"
  >
    <input
      class="styled__Input-ms4xi4-0 fbXGEM"
      name="password"
      type="password"
      value=""
    />
  </div>
  
</div>
`;
